0: PtSimpleField(field=(id:72)me.cfpq.pointsto.miner.sample.inheritance.Animal#name)
