0 0
1 1
1 4
2 1
2 4
3 2
3 4
4 3
4 2
4 4
5 1
5 4
6 3
6 2
6 4
7 4
8 1
8 4
9 1
9 4
10 2
10 4
11 3
11 2
11 4
12 1
12 4
13 2
13 4
14 4
15 3
15 2
15 4
16 2
16 4
17 3
17 2
17 4
18 2
18 4
