0 0
1 1
2 1
3 2
4 3
5 1
6 3
7 4
8 1
9 1
10 2
11 3
12 1
13 2
14 4
15 3
16 2
17 3
18 2
