0: PtStaticContextVertex
1: PtArg(method=(id:72)me.cfpq.pointsto.miner.sample.inheritance.Cat#copy(java.lang.String), index=0)
2: PtArg(method=(id:72)me.cfpq.pointsto.miner.sample.inheritance.Animal#copy(java.lang.String), index=0)
3: PtThis(method=(id:72)me.cfpq.pointsto.miner.sample.inheritance.Animal#<init>(java.lang.String))
4: PtThis(method=(id:72)me.cfpq.pointsto.miner.sample.inheritance.Cat#<init>(java.lang.String))
5: PtArg(method=(id:72)me.cfpq.pointsto.miner.sample.inheritance.Animal#<init>(java.lang.String), index=0)
6: PtAllocVertex(expr=new me.cfpq.pointsto.miner.sample.inheritance.Cat, method=(id:72)me.cfpq.pointsto.miner.sample.inheritance.Cat#copy(java.lang.String), type=me.cfpq.pointsto.miner.sample.inheritance.Cat, lineNumber=12)
7: PtArg(method=(id:93)kotlin.jvm.internal.Intrinsics#checkNotNullParameter(java.lang.Object, java.lang.String), index=0)
8: PtArg(method=(id:72)me.cfpq.pointsto.miner.sample.inheritance.Cat#copy(java.lang.String), index=0)
9: PtArg(method=(id:72)me.cfpq.pointsto.miner.sample.inheritance.Cat#<init>(java.lang.String), index=0)
10: PtReturn(method=(id:72)me.cfpq.pointsto.miner.sample.inheritance.Cat#copy(java.lang.String))
11: PtReturn(method=(id:72)me.cfpq.pointsto.miner.sample.inheritance.Cat#copy(java.lang.String))
12: PtReturn(method=(id:72)me.cfpq.pointsto.miner.sample.inheritance.Animal#getName())
13: PtThis(method=(id:72)me.cfpq.pointsto.miner.sample.inheritance.Animal#getName())
14: PtThis(method=(id:7)java.lang.Object#<init>())
15: PtThis(method=(id:72)me.cfpq.pointsto.miner.sample.inheritance.Cat#copy(java.lang.String))
16: PtThis(method=(id:72)me.cfpq.pointsto.miner.sample.inheritance.Animal#copy(java.lang.String))
17: PtThis(method=(id:72)me.cfpq.pointsto.miner.sample.inheritance.Cat#copy(java.lang.String))
18: PtReturn(method=(id:72)me.cfpq.pointsto.miner.sample.inheritance.Animal#copy(java.lang.String))
