0 0
1 1
2 2
2 1
3 1
4 3
4 1
4 4
5 4
5 1
6 5
6 1
7 6
7 1
8 7
8 1
8 4
9 1
10 1
11 1
12 8
13 3
13 1
13 4
14 6
14 1
15 1
16 6
16 1
17 9
