0 0
1 1
2 2
3 1
4 3
5 4
6 5
7 6
8 7
9 1
10 1
11 1
12 8
13 3
14 6
15 1
16 6
17 9
