0: PtStaticContextVertex
1: PtReturn(method=(id:72)me.cfpq.pointsto.miner.sample.simple.ExpressionsSample#accessArray(java.lang.Object[], int))
2: PtArg(method=(id:72)me.cfpq.pointsto.miner.sample.simple.ExpressionsSample#accessArray(java.lang.Object[], int), index=0)
3: PtArg(method=(id:93)kotlin.jvm.internal.Intrinsics#checkNotNullParameter(java.lang.Object, java.lang.String), index=0)
4: PtArg(method=(id:72)me.cfpq.pointsto.miner.sample.simple.ExpressionsSample#setFieldWithAccessors(java.lang.StringBuilder), index=0)
5: PtArg(method=(id:72)me.cfpq.pointsto.miner.sample.simple.ExpressionsSample#asString(java.lang.CharSequence), index=0)
6: PtArg(method=(id:72)me.cfpq.pointsto.miner.sample.simple.ExpressionsSample#accessPrimitiveArray(int[], int), index=0)
7: PtThis(method=(id:72)me.cfpq.pointsto.miner.sample.simple.ExpressionsSample#setFieldWithAccessors(java.lang.StringBuilder))
8: PtReturn(method=(id:72)me.cfpq.pointsto.miner.sample.simple.ExpressionsSample#asString(java.lang.CharSequence))
9: PtReturn(method=(id:72)me.cfpq.pointsto.miner.sample.simple.ExpressionsSample#choose(boolean, java.lang.Object, java.lang.Object))
10: PtArg(method=(id:72)me.cfpq.pointsto.miner.sample.simple.ExpressionsSample#choose(boolean, java.lang.Object, java.lang.Object), index=1)
11: PtArg(method=(id:72)me.cfpq.pointsto.miner.sample.simple.ExpressionsSample#choose(boolean, java.lang.Object, java.lang.Object), index=2)
12: PtReturn(method=(id:72)me.cfpq.pointsto.miner.sample.simple.SimpleSampleKt#getPI())
13: PtReturn(method=(id:72)me.cfpq.pointsto.miner.sample.simple.ExpressionsSample#getFieldWithAccessors())
14: PtThis(method=(id:72)me.cfpq.pointsto.miner.sample.simple.ExpressionsSample#getFieldWithAccessors())
15: PtThis(method=(id:7)java.lang.Object#<init>())
16: PtThis(method=(id:72)me.cfpq.pointsto.miner.sample.simple.ExpressionsSample#<init>())
17: PtReturn(method=(id:72)me.cfpq.pointsto.miner.sample.simple.ExpressionsSample#accessPrimitiveArray(int[], int))
